
> nixforge@0.0.0 build
> tsc --incremental && vite build && electron-builder

vite v6.4.1 building for production...
transforming...
✓ 1719 modules transformed.
rendering chunks...
computing gzip size...
dist/index.html                   3.03 kB │ gzip:  0.96 kB
dist/assets/index-7TKZd5sI.css   32.82 kB │ gzip:  6.59 kB
dist/assets/index-BDUvhx0K.js   313.19 kB │ gzip: 92.17 kB
✓ built in 1.48s
vite v6.4.1 building for production...
transforming...
✓ 383 modules transformed.
rendering chunks...
computing gzip size...
dist-electron/main.js  429.32 kB │ gzip: 110.37 kB
✓ built in 714ms
vite v6.4.1 building for production...
transforming...
✓ 1 modules transformed.
rendering chunks...
computing gzip size...
dist-electron/preload.mjs  1.62 kB │ gzip: 0.58 kB
✓ built in 9ms
  • electron-builder  version=25.1.8 os=6.18.13
  • loaded configuration  file=package.json ("build" field)
  • description is missed in the package.json  appPackageFile=/home/flora/Projects/nixforge/package.json
  • author is missed in the package.json  appPackageFile=/home/flora/Projects/nixforge/package.json
  • executing @electron/rebuild  electronVersion=34.5.8 arch=x64 buildFromSource=false appDir=./
  • installing native dependencies  arch=x64
  • completed installing native dependencies
  • packaging       platform=linux arch=x64 electron=34.5.8 appOutDir=release/linux-unpacked
